// Jest Snapshot v1, https://goo.gl/fbAQLP

exports[`TableCount exists 1`] = `
<DocumentFragment>
  Showing 1 to 2 of 2
</DocumentFragment>
`;
