// Jest Snapshot v1, https://goo.gl/fbAQLP

exports[`ToastMessage exists 1`] = `
<DocumentFragment>
  <div
    aria-atomic="true"
    aria-live="assertive"
    class="toast text-white bg-success fade show showing"
    role="alert"
  >
    <div
      class="d-flex"
    >
      <div
        class="toast-body"
      >
        My toast
      </div>
      <button
        aria-label="Close"
        class="btn-close btn-close-white me-2 m-auto"
        data-bs-dismiss="toast"
        type="button"
      />
    </div>
  </div>
</DocumentFragment>
`;
